[1m[32m   Compiling[0m proc-macro2 v1.0.101
[1m[32m   Compiling[0m quote v1.0.41
[1m[32m   Compiling[0m unicode-ident v1.0.19
[1m[32m   Compiling[0m serde_core v1.0.228
[1m[32m   Compiling[0m serde v1.0.228
[1m[32m    Checking[0m cfg-if v1.0.4
[1m[32m   Compiling[0m libc v0.2.177
[1m[32m   Compiling[0m shlex v1.3.0
[1m[32m    Checking[0m log v0.4.28
[1m[32m   Compiling[0m find-msvc-tools v0.1.4
[1m[32m   Compiling[0m autocfg v1.5.0
[1m[32m    Checking[0m once_cell v1.21.3
[1m[32m   Compiling[0m libm v0.2.15
[1m[32m   Compiling[0m syn v2.0.106
[1m[32m   Compiling[0m pkg-config v0.3.32
[1m[32m   Compiling[0m jobserver v0.1.34
[1m[32m   Compiling[0m cc v1.2.41
[1m[32m   Compiling[0m version_check v0.9.5
[1m[32m    Checking[0m pin-project-lite v0.2.16
[1m[32m   Compiling[0m crossbeam-utils v0.8.21
[1m[32m   Compiling[0m num-traits v0.2.19
[1m[32m    Checking[0m memchr v2.7.6
[1m[32m   Compiling[0m parking_lot_core v0.9.12
[1m[32m   Compiling[0m icu_locid_transform_data v1.5.1
[1m[32m    Checking[0m scopeguard v1.2.0
[1m[32m    Checking[0m lock_api v0.4.14
[1m[32m    Checking[0m itoa v1.0.15
[1m[32m    Checking[0m stable_deref_trait v1.2.1
[1m[32m   Compiling[0m rustix v1.1.2
[1m[32m    Checking[0m linux-raw-sys v0.11.0
[1m[32m   Compiling[0m icu_properties_data v1.5.1
[1m[32m    Checking[0m bytes v1.10.1
[1m[32m    Checking[0m fnv v1.0.7
[1m[32m   Compiling[0m icu_normalizer_data v1.5.1
[1m[32m   Compiling[0m typenum v1.19.0
[1m[32m   Compiling[0m generic-array v0.14.7
[1m[32m    Checking[0m writeable v0.5.5
[1m[32m    Checking[0m litemap v0.7.5
[1m[32m    Checking[0m getrandom v0.2.16
[1m[32m    Checking[0m mio v1.0.4
[1m[32m   Compiling[0m siphasher v1.0.1
[1m[32m   Compiling[0m rand_core v0.6.4
[1m[32m   Compiling[0m phf_shared v0.11.3
[1m[32m   Compiling[0m rand v0.8.5
[1m[32m    Checking[0m signal-hook-registry v1.4.6
[1m[32m    Checking[0m percent-encoding v2.3.2
[1m[32m    Checking[0m unicode-bidi v0.3.18
[1m[32m   Compiling[0m getrandom v0.3.4
[1m[32m   Compiling[0m phf_generator v0.11.3
[1m[32m   Compiling[0m crc32fast v1.5.0
[1m[32m    Checking[0m utf8_iter v1.0.4
[1m[32m   Compiling[0m khronos_api v3.1.0
[1m[32m    Checking[0m futures-core v0.3.31
[1m[32m    Checking[0m fastrand v2.3.0
[1m[32m    Checking[0m socket2 v0.6.1
[1m[32m   Compiling[0m zerocopy v0.8.27
[1m[32m    Checking[0m simd-adler32 v0.3.7
[1m[32m    Checking[0m new_debug_unreachable v1.0.6
[1m[32m    Checking[0m crypto-common v0.1.6
[1m[32m    Checking[0m foldhash v0.1.5
[1m[32m   Compiling[0m xml-rs v0.8.27
[1m[32m    Checking[0m core_maths v0.1.1
[1m[32m    Checking[0m utf16_iter v1.0.5
[1m[32m    Checking[0m write16 v1.0.0
[1m[32m    Checking[0m adler2 v2.0.1
[1m[32m   Compiling[0m rayon-core v1.13.0
[1m[32m    Checking[0m miniz_oxide v0.8.9
[1m[32m   Compiling[0m synstructure v0.13.2
[1m[32m    Checking[0m form_urlencoded v1.2.2
[1m[32m    Checking[0m equivalent v1.0.2
[1m[32m   Compiling[0m phf_codegen v0.11.3
[1m[32m    Checking[0m http v1.3.1
[1m[32m    Checking[0m cpufeatures v0.2.17
[1m[32m   Compiling[0m lazy_static v1.5.0
[1m[32m   Compiling[0m same-file v1.0.6
[1m[32m   Compiling[0m bitflags v2.9.4
[1m[32m   Compiling[0m gl_generator v0.14.0
[1m[32m    Checking[0m slab v0.4.11
[1m[32m   Compiling[0m walkdir v2.5.0
[1m[32m    Checking[0m crossbeam-epoch v0.9.18
[1m[32m    Checking[0m base64 v0.22.1
[1m[32m    Checking[0m either v1.15.0
[1m[32m    Checking[0m flate2 v1.1.4
[1m[32m    Checking[0m crossbeam-deque v0.8.6
[1m[32m    Checking[0m block-buffer v0.10.4
[1m[32m    Checking[0m precomputed-hash v0.1.1
[1m[32m   Compiling[0m string_cache_codegen v0.5.4
[1m[32m    Checking[0m crossbeam-channel v0.5.15
[1m[32m    Checking[0m digest v0.10.7
[1m[32m    Checking[0m encoding_rs v0.8.35
[1m[32m    Checking[0m sha1_smol v1.0.1
[1m[32m   Compiling[0m ident_case v1.0.1
[1m[32m    Checking[0m futures-io v0.3.31
[1m[32m   Compiling[0m cfg_aliases v0.2.1
[1m[32m    Checking[0m ttf-parser v0.25.1
[1m[32m    Checking[0m fdeflate v0.3.7
[1m[32m    Checking[0m rayon v1.11.0
[1m[32m   Compiling[0m darling_core v0.20.11
[1m[32m    Checking[0m num-integer v0.1.46
[1m[32m   Compiling[0m serde_derive v1.0.228
[1m[32m   Compiling[0m zerofrom-derive v0.1.6
[1m[32m   Compiling[0m yoke-derive v0.7.5
[1m[32m   Compiling[0m zerovec-derive v0.10.3
[1m[32m   Compiling[0m displaydoc v0.2.5
[1m[32m   Compiling[0m icu_provider_macros v1.5.0
[1m[32m    Checking[0m zerofrom v0.1.6
[1m[32m    Checking[0m yoke v0.7.5
[1m[32m   Compiling[0m bytemuck_derive v1.10.2
[1m[32m   Compiling[0m tokio-macros v2.6.0
[1m[32m   Compiling[0m zerocopy-derive v0.8.27
[1m[32m   Compiling[0m phf_macros v0.11.3
[1m[32m    Checking[0m zerovec v0.10.4
[1m[32m    Checking[0m mime v0.3.17
[1m[32m    Checking[0m phf v0.11.3
[1m[32m    Checking[0m bitflags v1.3.2
[1m[32m    Checking[0m png v0.17.16
[1m[32m   Compiling[0m darling_macro v0.20.11
[1m[32m    Checking[0m bytemuck v1.24.0
[1m[32m    Checking[0m tinystr v0.7.6
[1m[32m    Checking[0m icu_collections v1.5.0
[1m[32m    Checking[0m icu_locid v1.5.0
[1m[32m   Compiling[0m icu_segmenter_data v1.5.1
[1m[32m    Checking[0m float-cmp v0.9.0
[1m[32m    Checking[0m dtoa v1.0.10
[1m[32m    Checking[0m strict-num v0.1.1
[1m[32m    Checking[0m dtoa-short v0.3.5
[1m[32m   Compiling[0m darling v0.20.11
[1m[32m   Compiling[0m derive_more-impl v2.0.1
[1m[32m   Compiling[0m cssparser-macros v0.6.1
[1m[32m   Compiling[0m freetype-sys v0.20.1
[1m[32m    Checking[0m smallvec v1.15.1
[1m[32m    Checking[0m icu_provider v1.5.0
[1m[32m    Checking[0m parking_lot v0.12.5
[1m[32m    Checking[0m arrayvec v0.7.6
[1m[32m    Checking[0m tokio v1.48.0
[1m[32m    Checking[0m icu_locid_transform v1.5.0
[1m[32m    Checking[0m euclid v0.22.11
[1m[32m    Checking[0m icu_properties v1.5.1
[1m[32m    Checking[0m hashbrown v0.15.5
[1m[32m    Checking[0m string_cache v0.8.9
[1m[32m    Checking[0m uuid v1.18.1
[1m[32m    Checking[0m app_units v0.7.8
[1m[32m    Checking[0m bincode v1.3.3
[1m[32m    Checking[0m memmap2 v0.9.8
[1m[32m    Checking[0m indexmap v2.11.4
[1m[32m    Checking[0m rustc-hash v2.1.1
[1m[32m    Checking[0m arrayref v0.3.9
[1m[32m   Compiling[0m thiserror v1.0.69
[1m[32m    Checking[0m tiny-skia-path v0.11.4
[1m[32m    Checking[0m derive_more v2.0.1
[1m[32m    Checking[0m cssparser v0.35.0
[1m[32m    Checking[0m servo_arc v0.4.2 (https://github.com/servo/stylo?branch=2025-10-01#305841d9)
[1m[32m    Checking[0m icu_normalizer v1.5.0
[1m[32m   Compiling[0m thiserror-impl v1.0.69
[1m[32m   Compiling[0m num-derive v0.4.2
[1m[32m    Checking[0m idna_adapter v1.2.0
[1m[32m    Checking[0m idna v1.1.0
[1m[32m   Compiling[0m web_atoms v0.1.3
[1m[32m    Checking[0m url v2.5.7
[1m[32m    Checking[0m tempfile v3.23.0
[1m[32m   Compiling[0m stylo v0.8.0 (https://github.com/servo/stylo?branch=2025-10-01#305841d9)
[1m[32m   Compiling[0m selectors v0.32.0 (https://github.com/servo/stylo?branch=2025-10-01#305841d9)
[1m[32m    Checking[0m aho-corasick v1.1.3
[1m[32m    Checking[0m regex-syntax v0.8.8
[1m[32m    Checking[0m quick-error v2.0.1
[1m[32m    Checking[0m weezl v0.1.10
[1m[32m    Checking[0m static_assertions v1.1.0
[1m[32m    Checking[0m thin-vec v0.2.14
[1m[32m    Checking[0m smallbitvec v2.6.0
[1m[32m    Checking[0m utf-8 v0.7.6
[1m[32m    Checking[0m to_shmem v0.2.0 (https://github.com/servo/stylo?branch=2025-10-01#305841d9)
[1m[32m    Checking[0m icu_segmenter v1.5.0
[1m[32m   Compiling[0m to_shmem_derive v0.1.0 (https://github.com/servo/stylo?branch=2025-10-01#305841d9)
[1m[32m    Checking[0m rgb v0.8.52
[1m[32m   Compiling[0m malloc_size_of_derive v0.1.3
[1m[32m   Compiling[0m glslopt v0.1.11
[1m[32m   Compiling[0m slotmap v1.0.7
[1m[32m    Checking[0m libloading v0.8.8
[1m[32m    Checking[0m byteorder-lite v0.1.0
[1m[32m    Checking[0m mac v0.1.1
[1m[32m    Checking[0m color_quant v1.1.0
[1m[32m    Checking[0m zune-core v0.4.12
[1m[32m    Checking[0m gif v0.13.3
[1m[32m    Checking[0m image-webp v0.2.4
[1m[32m    Checking[0m futf v0.1.5
[1m[32m    Checking[0m zune-jpeg v0.4.21
[1m[32m    Checking[0m regex-automata v0.4.12
[1m[32m    Checking[0m ipc-channel v0.20.2
[1m[32m    Checking[0m tiny-skia v0.11.4
[1m[32m    Checking[0m ppv-lite86 v0.2.21
[1m[32m   Compiling[0m peek-poke-derive v0.3.0 (https://github.com/servo/webrender?branch=0.68#6cafc606)
[1m[32m   Compiling[0m stylo_atoms v0.8.0 (https://github.com/servo/stylo?branch=2025-10-01#305841d9)
[1m[32m   Compiling[0m tikv-jemalloc-sys v0.6.0+5.3.0-1-ge13ca993e8ccb9ba9847cc330696e02839f328f7
[1m[32m    Checking[0m serde_bytes v0.11.19
[1m[32m   Compiling[0m num_cpus v1.17.0
[1m[32m    Checking[0m regex v1.12.2
[1m[32m    Checking[0m roxmltree v0.20.0
[1m[32m   Compiling[0m object v0.37.3
[1m[32m    Checking[0m futures-sink v0.3.31
[1m[32m    Checking[0m void v1.0.2
[1m[32m    Checking[0m byteorder v1.5.0
[1m[32m    Checking[0m tinyvec_macros v0.1.1
[1m[32m    Checking[0m tinyvec v1.10.0
[1m[32m    Checking[0m stylo_malloc_size_of v0.8.0 (https://github.com/servo/stylo?branch=2025-10-01#305841d9)
[1m[32m    Checking[0m fontconfig-parser v0.5.8
[1m[32m   Compiling[0m build-parallel v0.1.2
[1m[32m    Checking[0m peek-poke v0.3.0 (https://github.com/servo/webrender?branch=0.68#6cafc606)
[1m[32m    Checking[0m tendril v0.4.3
[1m[32m    Checking[0m wr_malloc_size_of v0.2.2 (https://github.com/servo/webrender?branch=0.68#6cafc606)
[1m[32m    Checking[0m kurbo v0.11.3
[1m[32m   Compiling[0m gleam v0.15.1
[1m[32m   Compiling[0m webrender_build v0.0.2 (https://github.com/servo/webrender?branch=0.68#6cafc606)
[1m[32m    Checking[0m zeitstempel v0.1.2
[1m[32m    Checking[0m gimli v0.32.3
[1m[32m    Checking[0m unicode-ccc v0.4.0
[1m[32m    Checking[0m unicode-bidi-mirroring v0.4.0
[1m[32m    Checking[0m unic-common v0.9.0
[1m[32m    Checking[0m unicode-script v0.5.7
[1m[32m    Checking[0m unicode-properties v0.1.3
[1m[32m    Checking[0m unic-char-range v0.9.0
[1m[32m    Checking[0m unic-char-property v0.9.0
[1m[32m    Checking[0m rustybuzz v0.20.1
[1m[32m    Checking[0m svgtypes v0.15.3
[1m[32m    Checking[0m unic-ucd-version v0.9.0
[1m[32m    Checking[0m webrender_api v0.68.0 (https://github.com/servo/webrender?branch=0.68#6cafc606)
[1m[32m    Checking[0m addr2line v0.25.1
[1m[32m    Checking[0m fontdb v0.23.0
[1m[32m    Checking[0m markup5ever v0.35.0
[1m[32m    Checking[0m freetype v0.7.2
[1m[32m    Checking[0m itertools v0.14.0
[1m[32m    Checking[0m simplecss v0.2.2
[1m[32m    Checking[0m data-url v0.3.2
[1m[32m    Checking[0m xmlwriter v0.1.0
[1m[32m    Checking[0m svg_fmt v0.4.5
[1m[32m    Checking[0m imagesize v0.13.0
[1m[32m    Checking[0m unicode-vo v0.1.0
[1m[32m    Checking[0m unicode-segmentation v1.12.0
[1m[32m    Checking[0m pico-args v0.5.0
[1m[32m    Checking[0m rustc-demangle v0.1.26
[1m[32m    Checking[0m tracy-rs v0.1.2
[1m[32m    Checking[0m usvg v0.45.1
[1m[32m    Checking[0m etagere v0.2.15
[1m[32m    Checking[0m stylo_traits v0.8.0 (https://github.com/servo/stylo?branch=2025-10-01#305841d9)
[1m[32m    Checking[0m unic-ucd-ident v0.9.0
[1m[32m    Checking[0m stylo_dom v0.8.0 (https://github.com/servo/stylo?branch=2025-10-01#305841d9)
[1m[32m    Checking[0m backtrace v0.3.76
[1m[32m    Checking[0m futures-channel v0.3.31
[1m[32m    Checking[0m wr_glyph_rasterizer v0.1.0 (https://github.com/servo/webrender?branch=0.68#6cafc606)
[1m[32m    Checking[0m plane-split v0.18.0
[1m[32m    Checking[0m uluru v3.1.0
[1m[32m    Checking[0m ron v0.10.1
[1m[32m    Checking[0m allocator-api2 v0.2.21
[1m[32m   Compiling[0m stylo_derive v0.8.0 (https://github.com/servo/stylo?branch=2025-10-01#305841d9)
[1m[32m   Compiling[0m tracing-attributes v0.1.30
[1m[32m    Checking[0m sha2 v0.10.9
[1m[32m    Checking[0m tracing-core v0.1.34
[1m[32m    Checking[0m atomic_refcell v0.1.13
[1m[32m    Checking[0m pin-utils v0.1.0
[1m[32m    Checking[0m grid v0.18.0
[1m[32m    Checking[0m topological-sort v0.1.0
[1m[32m    Checking[0m stylo_static_prefs v0.8.0 (https://github.com/servo/stylo?branch=2025-10-01#305841d9)
[1m[32m    Checking[0m stylo_config v0.8.0 (https://github.com/servo/stylo?branch=2025-10-01#305841d9)
[1m[32m    Checking[0m matches v0.1.10
[1m[32m    Checking[0m taffy v0.9.1
[1m[32m    Checking[0m content-security-policy v0.5.4 (https://github.com/servo/rust-content-security-policy?branch=servo-csp#22b28314)
[1m[32m    Checking[0m accountable-refcell v0.2.2
[1m[32m    Checking[0m urlpattern v0.3.0
[1m[32m    Checking[0m tracing v0.1.41
[1m[32m    Checking[0m resvg v0.45.1
[1m[32m    Checking[0m keyboard-types v0.8.3
[1m[32m    Checking[0m rand_core v0.9.3
[1m[32m    Checking[0m rand_chacha v0.9.0
[1m[32m   Compiling[0m futures-macro v0.3.31
[1m[32m    Checking[0m futures-task v0.3.31
[1m[32m    Checking[0m atomic-waker v1.1.2
[1m[32m    Checking[0m scoped-tls v1.0.1
[1m[32m    Checking[0m rand v0.9.2
[1m[32m   Compiling[0m serde_json v1.0.145
[1m[32m    Checking[0m ryu v1.0.20
[1m[32m   Compiling[0m time-core v0.1.6
[1m[32m    Checking[0m powerfmt v0.2.0
[1m[32m    Checking[0m futures-util v0.3.31
[1m[32m   Compiling[0m num-conv v0.1.0
[1m[32m    Checking[0m deranged v0.5.4
[1m[32m   Compiling[0m time-macros v0.2.24
[1m[32m    Checking[0m dlib v0.5.2
[1m[32m   Compiling[0m httparse v1.10.1
[1m[32m    Checking[0m num_threads v0.1.7
[1m[32m   Compiling[0m wayland-sys v0.31.7
[1m[32m    Checking[0m time v0.3.44
[1m[32m    Checking[0m tokio-util v0.7.16
[1m[32m   Compiling[0m profiling-procmacros v1.0.17
[1m[32m   Compiling[0m equator-macro v0.4.2
[1m[32m   Compiling[0m paste v1.0.15
[1m[32m    Checking[0m profiling v1.0.17
[1m[32m    Checking[0m half v2.7.1
[1m[32m    Checking[0m equator v0.4.2
[1m[32m   Compiling[0m servo_config_macro v0.0.1 (https://github.com/servo/servo.git?rev=721214fbe44bf11b968e5e076e5b0af5b5663447#721214fb)
[1m[32m   Compiling[0m anyhow v1.0.100
[1m[32m    Checking[0m try-lock v0.2.5
[1m[32m    Checking[0m want v0.3.1
[1m[32m    Checking[0m aligned-vec v0.6.4
[1m[32m    Checking[0m num-bigint v0.4.6
[1m[32m   Compiling[0m built v0.7.7
[1m[32m    Checking[0m minimal-lexical v0.2.1
[1m[32m    Checking[0m tower-service v0.3.3
[1m[32m   Compiling[0m rav1e v0.7.1
[1m[32m    Checking[0m nom v7.1.3
[1m[32m    Checking[0m v_frame v0.3.9
[1m[32m    Checking[0m num-rational v0.4.2
[1m[32m    Checking[0m sha1 v0.10.6
[1m[32m    Checking[0m http-body v1.0.1
[1m[32m   Compiling[0m pulp v0.22.3
[1m[32m    Checking[0m raw-cpuid v11.6.0
[1m[32m    Checking[0m num-complex v0.4.6
[1m[32m    Checking[0m maybe-rayon v0.1.1
[1m[32m    Checking[0m av1-grain v0.2.4
[1m[32m   Compiling[0m arg_enum_proc_macro v0.3.4
[1m[32m    Checking[0m itertools v0.12.1
[1m[32m    Checking[0m http v0.2.12
[1m[32m   Compiling[0m simd_helpers v0.1.0
[1m[32m    Checking[0m pulp-wasm-simd-flag v0.1.1
[1m[32m    Checking[0m bitstream-io v2.6.0
[1m[32m    Checking[0m httpdate v1.0.3
[1m[32m    Checking[0m imgref v1.12.0
[1m[32m    Checking[0m reborrow v0.5.5
[1m[32m   Compiling[0m noop_proc_macro v0.3.0
[1m[32m    Checking[0m loop9 v0.1.5
[1m[32m    Checking[0m h2 v0.4.12
[1m[32m    Checking[0m avif-serialize v0.8.6
[1m[32m    Checking[0m zune-inflate v0.2.54
[1m[32m    Checking[0m jpeg-decoder v0.3.2
[1m[32m    Checking[0m lebe v0.5.3
[1m[32m    Checking[0m bit_field v0.10.3
[1m[32m   Compiling[0m thiserror v2.0.17
[1m[32m    Checking[0m tiff v0.9.1
[1m[32m    Checking[0m exr v1.74.2
[1m[32m    Checking[0m ravif v0.11.20
[1m[32m    Checking[0m hyper v1.7.0
[1m[32m    Checking[0m qoi v0.4.1
[1m[32m   Compiling[0m thiserror-impl v2.0.17
[1m[32m   Compiling[0m unicase v2.8.1
[1m[32m   Compiling[0m mime_guess v2.0.5
[1m[32m    Checking[0m raw-window-handle v0.6.2
[1m[32m   Compiling[0m rustversion v1.0.22
[1m[32m    Checking[0m headers-core v0.2.0
[1m[32m    Checking[0m http-body v0.4.6
[1m[32m    Checking[0m h2 v0.3.27
[1m[32m    Checking[0m image v0.25.6
[1m[32m    Checking[0m serde_urlencoded v0.7.1
[1m[32m   Compiling[0m pin-project-internal v1.1.10
[1m[32m    Checking[0m headers-core v0.3.0
[1m[32m   Compiling[0m cookie v0.16.2
[1m[32m   Compiling[0m cookie v0.18.1
[1m[32m    Checking[0m socket2 v0.5.10
[1m[32m    Checking[0m base64 v0.21.7
[1m[32m    Checking[0m zeroize v1.8.2
[1m[32m   Compiling[0m winnow v0.7.13
[1m[32m   Compiling[0m vcpkg v0.2.15
[1m[32m    Checking[0m headers v0.3.9
[1m[32m    Checking[0m hyper v0.14.32
[1m[32m    Checking[0m headers v0.4.1
[1m[32m    Checking[0m pin-project v1.1.10
[1m[32m   Compiling[0m heck v0.5.0
[1m[32m   Compiling[0m strum_macros v0.26.4
[1m[32m    Checking[0m rustls-pki-types v1.12.0
[1m[32m    Checking[0m tokio-stream v0.1.17
[1m[32m    Checking[0m warp v0.3.7
[1m[32m   Compiling[0m x11-dl v2.21.0
[1m[32m   Compiling[0m embedder_traits v0.0.1 (https://github.com/servo/servo.git?rev=721214fbe44bf11b968e5e076e5b0af5b5663447#721214fb)
[1m[32m    Checking[0m strum v0.26.3
[1m[32m    Checking[0m hyper_serde v0.13.2 (https://github.com/servo/servo.git?rev=721214fbe44bf11b968e5e076e5b0af5b5663447#721214fb)
[1m[32m    Checking[0m glow v0.16.0
[1m[32m   Compiling[0m glob v0.3.3
[1m[32m    Checking[0m webdriver v0.53.0
[1m[32m    Checking[0m dpi v0.1.2
[1m[32m   Compiling[0m surfman v0.10.0
[1m[32m   Compiling[0m cmake v0.1.54
[1m[32m   Compiling[0m dunce v1.0.5
[1m[32m   Compiling[0m fs_extra v1.3.0
[1m[32m   Compiling[0m aws-lc-sys v0.32.3
[1m[32m    Checking[0m parking v2.2.1
[1m[32m    Checking[0m ipnet v2.12.1
[1m[32m    Checking[0m hyper-util v0.1.17
[1m[32m    Checking[0m concurrent-queue v2.5.0
[1m[32m   Compiling[0m wayland-backend v0.3.11
[1m[32m   Compiling[0m aws-lc-rs v1.14.1
[1m[32m    Checking[0m alloc-no-stdlib v2.0.4
[1m[32m    Checking[0m unicode-width v0.2.2
[1m[32m    Checking[0m tikv-jemallocator v0.6.0
[1m[32m    Checking[0m alloc-stdlib v0.2.2
[1m[32m    Checking[0m servo_allocator v0.0.1 (https://github.com/servo/servo.git?rev=721214fbe44bf11b968e5e076e5b0af5b5663447#721214fb)
[1m[32m   Compiling[0m clang-sys v1.8.1
[1m[32m   Compiling[0m libz-sys v1.1.22
[1m[32m    Checking[0m polling v3.11.0
[1m[32m   Compiling[0m naga v26.0.0
[1m[32m    Checking[0m bit-vec v0.8.0
[1m[32m   Compiling[0m ash v0.38.0+1.3.281
[1m[32m    Checking[0m subtle v2.6.1
[1m[32m   Compiling[0m khronos-egl v6.0.0
[1m[32m    Checking[0m downcast-rs v1.2.1
[1m[32m    Checking[0m bit-set v0.8.0
[1m[32m    Checking[0m codespan-reporting v0.12.0
[1m[32m    Checking[0m brotli-decompressor v5.0.0
[1m[32m   Compiling[0m quick-xml v0.37.5
[1m[32m    Checking[0m spirv v0.3.0+sdk-1.3.268.0
[1m[32m    Checking[0m gpu-descriptor-types v0.2.0
[1m[32m    Checking[0m gpu-alloc-types v0.3.0
[1m[32m    Checking[0m font-types v0.9.0
[1m[32m   Compiling[0m wgpu-hal v26.0.4
[1m[32m    Checking[0m hexf-parse v0.2.1
[1m[32m   Compiling[0m typeid v1.0.3
[1m[32m   Compiling[0m wayland-client v0.31.11
[1m[32m    Checking[0m rustc-hash v1.1.0
[1m[32m    Checking[0m read-fonts v0.33.1
[1m[32m    Checking[0m gpu-alloc v0.6.0
[1m[32m   Compiling[0m wayland-scanner v0.31.7
[1m[32m    Checking[0m gpu-descriptor v0.3.2
[1m[32m    Checking[0m event-listener v5.4.1
[1m[32m    Checking[0m wgpu-types v26.0.0
[1m[32m   Compiling[0m toml_parser v1.0.4
[1m[32m    Checking[0m servo-media-streams v0.1.0 (https://github.com/servo/media#29446c7b)
[1m[32m    Checking[0m ordered-float v4.6.0
[1m[32m   Compiling[0m num-complex v0.2.4
[1m[32m   Compiling[0m bindgen v0.71.1
[1m[32m   Compiling[0m erased-serde v0.4.8
[1m[32m   Compiling[0m toml_datetime v0.7.2
[1m[32m   Compiling[0m webrender v0.68.0 (https://github.com/servo/webrender?branch=0.68#6cafc606)
[1m[32m   Compiling[0m toml_edit v0.23.6
[1m[32m    Checking[0m event-listener-strategy v0.5.4
[1m[32m   Compiling[0m cexpr v0.6.0
[1m[32m    Checking[0m futures-lite v2.6.1
[1m[32m   Compiling[0m toml_datetime v0.6.11
[1m[32m   Compiling[0m serde_spanned v0.6.9
[1m[32m   Compiling[0m enumflags2_derive v0.7.12
[1m[32m   Compiling[0m wgpu-core v26.0.1
[1m[32m    Checking[0m servo-media-traits v0.1.0 (https://github.com/servo/media#29446c7b)
[1m[32m   Compiling[0m toml_write v0.1.2
[1m[32m    Checking[0m fixedbitset v0.1.9
[1m[32m   Compiling[0m litrs v0.4.2
[1m[32m    Checking[0m ordermap v0.3.5
[1m[32m    Checking[0m petgraph v0.4.13
[1m[32m   Compiling[0m document-features v0.2.11
[1m[32m   Compiling[0m toml_edit v0.22.27
[1m[32m    Checking[0m servo-media-player v0.1.0 (https://github.com/servo/media#29446c7b)
[1m[32m   Compiling[0m proc-macro-crate v3.4.0
[1m[32m   Compiling[0m ordered-float v2.10.1
[1m[32m   Compiling[0m zvariant_utils v3.2.1
[1m[32m   Compiling[0m servo-media-derive v0.1.0 (https://github.com/servo/media#29446c7b)
[1m[32m   Compiling[0m zstd-sys v2.0.16+zstd.1.5.7
[1m[32m    Checking[0m speexdsp-resampler v0.1.0
[1m[32m   Compiling[0m camino v1.2.1
[1m[32m    Checking[0m byte-slice-cast v0.2.0
[1m[32m    Checking[0m servo-media-audio v0.2.0 (https://github.com/servo/media#29446c7b)
[1m[32m   Compiling[0m zvariant_derive v5.8.0
[1m[32m   Compiling[0m toml v0.8.23
[1m[32m   Compiling[0m serde-value v0.7.0
[1m[32m   Compiling[0m serde-untagged v0.1.9
[1m[32m    Checking[0m servo-media-webrtc v0.1.0 (https://github.com/servo/media#29446c7b)
[1m[32m   Compiling[0m openssl-sys v0.9.117
[1m[32m   Compiling[0m semver v1.0.27
[1m[32m    Checking[0m block-padding v0.3.3
[1m[32m   Compiling[0m fontsan-woff2 v0.1.0 (https://github.com/servo/fontsan#212f15c9)
[1m[32m   Compiling[0m memoffset v0.9.1
[1m[32m   Compiling[0m async-io v2.6.0
[1m[32m    Checking[0m async-task v4.7.1
[1m[32m   Compiling[0m rustls v0.23.32
[1m[32m   Compiling[0m icu_calendar_data v1.5.1
[1m[32m    Checking[0m untrusted v0.9.0
[1m[32m   Compiling[0m strck v0.1.2
[1m[32m   Compiling[0m unicode-xid v0.2.6
[1m[32m   Compiling[0m strck_ident v0.1.2
[1m[32m   Compiling[0m cargo-util-schemas v0.2.0
[1m[32m    Checking[0m inout v0.1.4
[1m[32m    Checking[0m servo-media v0.1.0 (https://github.com/servo/media#29446c7b)
[1m[32m   Compiling[0m xattr v1.6.1
[1m[32m    Checking[0m wayland-protocols v0.32.9
[1m[32m    Checking[0m async-channel v2.5.0
[1m[32m   Compiling[0m filetime v0.2.26
[1m[32m   Compiling[0m fontsan v0.6.0 (https://github.com/servo/fontsan#212f15c9)
[1m[32m   Compiling[0m cargo-platform v0.2.0
[1m[32m    Checking[0m wgpu-core-deps-windows-linux-android v26.0.0
[1m[32m   Compiling[0m nix v0.30.1
[1m[32m   Compiling[0m harfbuzz-sys v0.6.1
[1m[32m    Checking[0m nom v8.0.0
[1m[32m   Compiling[0m yeslogic-fontconfig-sys v6.0.0
[1m[32m   Compiling[0m zstd-safe v7.2.4
[1m[32m   Compiling[0m encoding_c_mem v0.2.6
[1m[32m   Compiling[0m rustix v0.38.44
[1m[32m   Compiling[0m encoding_c v0.9.8
[1m[32m   Compiling[0m cargo_metadata v0.20.0
[1m[32m   Compiling[0m tar v0.4.44
[1m[32m    Checking[0m cipher v0.4.4
[1m[32m   Compiling[0m diplomat_core v0.8.1
[1m[32m   Compiling[0m enumflags2 v0.7.12
[1m[32m    Checking[0m piper v0.2.4
[1m[32m    Checking[0m calendrical_calculations v0.1.3
[1m[32m   Compiling[0m endi v1.1.0
[1m[32m    Checking[0m linux-raw-sys v0.4.15
[1m[32m   Compiling[0m diplomat v0.8.0
[1m[32m   Compiling[0m zvariant v5.8.0
[1m[32m    Checking[0m icu_calendar v1.5.2
[1m[32m    Checking[0m blocking v1.6.2
[1m[32m   Compiling[0m mozjs_sys v0.140.0-6 (https://github.com/servo/mozjs#bbbbf315)
[1m[32m    Checking[0m async-lock v3.4.1
[1m[32m    Checking[0m skrifa v0.35.0
[1m[32m    Checking[0m webpki-roots v1.0.3
[1m[32m    Checking[0m icu_provider_adapters v1.5.0
[1m[32m   Compiling[0m servo-tracing v0.0.1 (https://github.com/servo/servo.git?rev=721214fbe44bf11b968e5e076e5b0af5b5663447#721214fb)
[1m[32m   Compiling[0m match_token v0.35.0
[1m[32m   Compiling[0m openssl v0.10.81
[1m[32m    Checking[0m iana-time-zone v0.1.64
[1m[32m    Checking[0m foreign-types-shared v0.1.1
[1m[32m    Checking[0m diplomat-runtime v0.8.3
[1m[32m    Checking[0m icu_capi v1.5.0
[1m[32m   Compiling[0m zbus_names v4.2.0
[1m[32m    Checking[0m foreign-types v0.3.2
[1m[32m    Checking[0m chrono v0.4.42
[1m[32m    Checking[0m html5ever v0.35.0
[1m[32m    Checking[0m zstd v0.13.3
[1m[32m    Checking[0m calloop v0.13.0
[1m[32m    Checking[0m async-signal v0.2.13
[1m[32m   Compiling[0m script_bindings v0.0.1 (https://github.com/servo/servo.git?rev=721214fbe44bf11b968e5e076e5b0af5b5663447#721214fb)
[1m[32m    Checking[0m brotli v8.0.2
[1m[32m    Checking[0m universal-hash v0.5.1
[1m[32m    Checking[0m http-body-util v0.1.3
[1m[32m   Compiling[0m openssl-macros v0.1.1
[1m[32m    Checking[0m xkeysym v0.2.1
[1m[32m    Checking[0m data-encoding v2.9.0
[1m[32m   Compiling[0m smithay-client-toolkit v0.19.2
[1m[32m    Checking[0m cursor-icon v1.2.0
[1m[32m    Checking[0m opaque-debug v0.3.1
[1m[32m   Compiling[0m fst v0.4.7
[1m[32m   Compiling[0m native-tls v0.2.18
[1m[32m    Checking[0m xcursor v0.3.10
[1m[32m    Checking[0m compression-core v0.4.29
[1m[32m    Checking[0m polyval v0.6.2
[1m[32m    Checking[0m wayland-cursor v0.31.11
[1m[32m    Checking[0m wayland-csd-frame v0.3.0
[1m[32m    Checking[0m compression-codecs v0.4.31
[1m[32m    Checking[0m async-process v2.5.0
[1m[32m    Checking[0m calloop-wayland-source v0.3.0
[1m[32m   Compiling[0m zbus_macros v5.11.0
[1m[32m    Checking[0m webpki-roots v0.26.11
[1m[32m    Checking[0m aes v0.8.4
[1m[32m    Checking[0m wayland-protocols-wlr v0.3.9
[1m[32m    Checking[0m async-executor v1.13.3
[1m[32m   Compiling[0m mozangle v0.5.3
[1m[32m    Checking[0m async-broadcast v0.7.2
[1m[32m    Checking[0m futures-executor v0.3.31
[1m[32m    Checking[0m gethostname v1.1.0
[1m[32m    Checking[0m owned_ttf_parser v0.25.1
[1m[32m   Compiling[0m async-trait v0.1.89
[1m[32m   Compiling[0m serde_repr v0.1.20
[1m[32m   Compiling[0m glutin_egl_sys v0.7.1
[1m[32m   Compiling[0m glutin_glx_sys v0.6.1
[1m[32m    Checking[0m ordered-stream v0.2.0
[1m[32m   Compiling[0m ahash v0.8.12
[1m[32m    Checking[0m openssl-probe v0.2.1
[1m[32m    Checking[0m ab_glyph_rasterizer v0.1.10
[1m[32m    Checking[0m hex v0.4.3
[1m[32m    Checking[0m as-raw-xcb-connection v1.0.1
[1m[32m    Checking[0m x11rb-protocol v0.13.2
[1m[32m    Checking[0m zbus v5.11.0
[1m[32m    Checking[0m ab_glyph v0.2.32
[1m[32m    Checking[0m futures v0.3.31
[1m[32m    Checking[0m mozjs v0.14.1 (https://github.com/servo/mozjs#bbbbf315)
[1m[32m    Checking[0m async-compression v0.4.32
[1m[32m    Checking[0m ghash v0.5.1
[1m[32m    Checking[0m ctr v0.9.2
[1m[32m    Checking[0m nom-language v0.1.0
[1m[32m    Checking[0m rustls-pemfile v2.2.0
[1m[32m    Checking[0m xml5ever v0.35.0
[1m[32m    Checking[0m rand_chacha v0.3.1
[1m[32m   Compiling[0m dom_struct v0.0.1 (https://github.com/servo/servo.git?rev=721214fbe44bf11b968e5e076e5b0af5b5663447#721214fb)
[1m[32m   Compiling[0m jstraceable_derive v0.0.1 (https://github.com/servo/servo.git?rev=721214fbe44bf11b968e5e076e5b0af5b5663447#721214fb)
[1m[32m   Compiling[0m async-recursion v1.1.1
[1m[32m   Compiling[0m domobject_derive v0.0.1 (https://github.com/servo/servo.git?rev=721214fbe44bf11b968e5e076e5b0af5b5663447#721214fb)
[1m[32m   Compiling[0m deny_public_fields v0.0.1 (https://github.com/servo/servo.git?rev=721214fbe44bf11b968e5e076e5b0af5b5663447#721214fb)
[1m[32m   Compiling[0m winit v0.30.12
[1m[32m   Compiling[0m glutin v0.32.3
[1m[32m    Checking[0m aead v0.5.2
[1m[32m    Checking[0m sync_wrapper v1.0.2
[1m[32m    Checking[0m utf8parse v0.2.2
[1m[32m    Checking[0m imsz v0.2.2
[1m[32m   Compiling[0m script v0.0.1 (https://github.com/servo/servo.git?rev=721214fbe44bf11b968e5e076e5b0af5b5663447#721214fb)
[1m[32m    Checking[0m tower-layer v0.3.3
[1m[32m    Checking[0m tower v0.5.3
[1m[32m    Checking[0m anstyle-parse v0.2.7
[1m[32m    Checking[0m aes-gcm v0.10.3
[1m[32m    Checking[0m nom-rfc8288 v0.4.0
[1m[32m    Checking[0m sctk-adwaita v0.10.1
[1m[32m    Checking[0m tokio-native-tls v0.3.1
[1m[32m   Compiling[0m devtools v0.0.1 (https://github.com/servo/servo.git?rev=721214fbe44bf11b968e5e076e5b0af5b5663447#721214fb)
[1m[32m    Checking[0m x11rb v0.13.2
[1m[32m    Checking[0m aes-kw v0.2.1
[1m[32m    Checking[0m xkbcommon-dl v0.4.2
[1m[32m    Checking[0m async-fs v2.2.0
[1m[32m    Checking[0m async-net v2.0.0
[1m[32m    Checking[0m cbc v0.1.2
[1m[32m    Checking[0m wayland-protocols-plasma v0.3.9
[1m[32m   Compiling[0m glutin-winit v0.5.0
[1m[32m   Compiling[0m sparkle v0.1.26
[1m[32m    Checking[0m anstyle-query v1.1.4
[1m[32m   Compiling[0m rfd v0.15.4
[1m[32m    Checking[0m swapper v0.1.0
[1m[32m    Checking[0m anstyle v1.0.13
[1m[32m    Checking[0m smol_str v0.2.2
[1m[32m    Checking[0m option-ext v0.2.0
[1m[32m    Checking[0m hex v0.3.2
[1m[32m    Checking[0m colorchoice v1.0.4
[1m[32m    Checking[0m is_terminal_polyfill v1.70.1
[1m[32m    Checking[0m dirs-sys v0.5.0
[1m[32m    Checking[0m anstream v0.6.21
[1m[32m    Checking[0m ashpd v0.11.1
[1m[32m    Checking[0m blurmock v0.1.3
[1m[32m    Checking[0m hyper-tls v0.6.0
[1m[32m    Checking[0m ipc-channel v0.19.0
[1m[32m    Checking[0m tower-http v0.6.11
[1m[32m    Checking[0m env_filter v0.1.4
[1m[32m    Checking[0m http-serde-ext v1.0.2
[1m[32m   Compiling[0m versoview v0.0.4 (/home/ubuntu/verso)
[1m[32m    Checking[0m gaol v0.2.1
[1m[32m    Checking[0m urlencoding v2.1.3
[1m[32m    Checking[0m xi-unicode v0.3.0
[1m[32m    Checking[0m jiff v0.2.15
[1m[32m    Checking[0m pollster v0.4.0
[1m[32m    Checking[0m versoview_messages v0.0.1 (/home/ubuntu/verso/versoview_messages)
[1m[32m    Checking[0m reqwest v0.12.28
[1m[32m    Checking[0m directories v6.0.0
[1m[32m    Checking[0m arboard v3.6.1
[1m[32m    Checking[0m notify-rust v4.17.0
[1m[32m    Checking[0m servo-media-dummy v0.1.0 (https://github.com/servo/media#29446c7b)
[1m[32m    Checking[0m getopts v0.2.24
[1m[32m    Checking[0m keyboard-types v0.7.0
[1m[32m    Checking[0m env_logger v0.11.8
[1m[32m    Checking[0m rustls-webpki v0.103.7
[1m[32m    Checking[0m tokio-rustls v0.26.4
[1m[32m    Checking[0m tungstenite v0.26.2
[1m[32m    Checking[0m hyper-rustls v0.27.7
[1m[32m    Checking[0m async-tungstenite v0.29.1
[1m[32m    Checking[0m servo_malloc_size_of v0.0.1 (https://github.com/servo/servo.git?rev=721214fbe44bf11b968e5e076e5b0af5b5663447#721214fb)
[1m[32m    Checking[0m servo_url v0.0.1 (https://github.com/servo/servo.git?rev=721214fbe44bf11b968e5e076e5b0af5b5663447#721214fb)
[1m[32m    Checking[0m pixels v0.0.1 (https://github.com/servo/servo.git?rev=721214fbe44bf11b968e5e076e5b0af5b5663447#721214fb)
[1m[32m    Checking[0m servo_geometry v0.0.1 (https://github.com/servo/servo.git?rev=721214fbe44bf11b968e5e076e5b0af5b5663447#721214fb)
[1m[32m    Checking[0m range v0.0.1 (https://github.com/servo/servo.git?rev=721214fbe44bf11b968e5e076e5b0af5b5663447#721214fb)
[1m[32m    Checking[0m timers v0.0.1 (https://github.com/servo/servo.git?rev=721214fbe44bf11b968e5e076e5b0af5b5663447#721214fb)
[1m[32m    Checking[0m xpath v0.0.1 (https://github.com/servo/servo.git?rev=721214fbe44bf11b968e5e076e5b0af5b5663447#721214fb)
[1m[32m    Checking[0m servo_config v0.0.1 (https://github.com/servo/servo.git?rev=721214fbe44bf11b968e5e076e5b0af5b5663447#721214fb)
[1m[32m    Checking[0m base v0.0.1 (https://github.com/servo/servo.git?rev=721214fbe44bf11b968e5e076e5b0af5b5663447#721214fb)
[1m[32m    Checking[0m profile_traits v0.0.1 (https://github.com/servo/servo.git?rev=721214fbe44bf11b968e5e076e5b0af5b5663447#721214fb)
[1m[32m    Checking[0m fonts_traits v0.0.1 (https://github.com/servo/servo.git?rev=721214fbe44bf11b968e5e076e5b0af5b5663447#721214fb)
[1m[32m    Checking[0m webgpu_traits v0.0.1 (https://github.com/servo/servo.git?rev=721214fbe44bf11b968e5e076e5b0af5b5663447#721214fb)
[1m[32m    Checking[0m compositing_traits v0.0.1 (https://github.com/servo/servo.git?rev=721214fbe44bf11b968e5e076e5b0af5b5663447#721214fb)
[1m[32m    Checking[0m net_traits v0.0.1 (https://github.com/servo/servo.git?rev=721214fbe44bf11b968e5e076e5b0af5b5663447#721214fb)
[1m[32m    Checking[0m webxr-api v0.0.1 (https://github.com/servo/servo.git?rev=721214fbe44bf11b968e5e076e5b0af5b5663447#721214fb)
[1m[32m    Checking[0m devtools_traits v0.0.1 (https://github.com/servo/servo.git?rev=721214fbe44bf11b968e5e076e5b0af5b5663447#721214fb)
[1m[32m    Checking[0m canvas_traits v0.0.1 (https://github.com/servo/servo.git?rev=721214fbe44bf11b968e5e076e5b0af5b5663447#721214fb)
[1m[32m    Checking[0m bluetooth_traits v0.0.1 (https://github.com/servo/servo.git?rev=721214fbe44bf11b968e5e076e5b0af5b5663447#721214fb)
[1m[32m    Checking[0m storage_traits v0.0.1 (https://github.com/servo/servo.git?rev=721214fbe44bf11b968e5e076e5b0af5b5663447#721214fb)
[1m[32m    Checking[0m background_hang_monitor_api v0.0.1 (https://github.com/servo/servo.git?rev=721214fbe44bf11b968e5e076e5b0af5b5663447#721214fb)
[1m[32m    Checking[0m media v0.0.1 (https://github.com/servo/servo.git?rev=721214fbe44bf11b968e5e076e5b0af5b5663447#721214fb)
[1m[32m    Checking[0m fonts v0.0.1 (https://github.com/servo/servo.git?rev=721214fbe44bf11b968e5e076e5b0af5b5663447#721214fb)
[1m[32m    Checking[0m net v0.0.1 (https://github.com/servo/servo.git?rev=721214fbe44bf11b968e5e076e5b0af5b5663447#721214fb)
[1m[32m    Checking[0m background_hang_monitor v0.0.1 (https://github.com/servo/servo.git?rev=721214fbe44bf11b968e5e076e5b0af5b5663447#721214fb)
[1m[32m    Checking[0m webgpu v0.0.1 (https://github.com/servo/servo.git?rev=721214fbe44bf11b968e5e076e5b0af5b5663447#721214fb)
[1m[32m    Checking[0m profile v0.0.1 (https://github.com/servo/servo.git?rev=721214fbe44bf11b968e5e076e5b0af5b5663447#721214fb)
[1m[32m    Checking[0m bluetooth v0.0.1 (https://github.com/servo/servo.git?rev=721214fbe44bf11b968e5e076e5b0af5b5663447#721214fb)
[1m[32m    Checking[0m webdriver_server v0.0.1 (https://github.com/servo/servo.git?rev=721214fbe44bf11b968e5e076e5b0af5b5663447#721214fb)
[1m[32m    Checking[0m constellation_traits v0.0.1 (https://github.com/servo/servo.git?rev=721214fbe44bf11b968e5e076e5b0af5b5663447#721214fb)
[1m[32m    Checking[0m canvas v0.0.1 (https://github.com/servo/servo.git?rev=721214fbe44bf11b968e5e076e5b0af5b5663447#721214fb)
[0m[1m[38;5;9merror[E0004][0m[0m[1m: non-exhaustive patterns: type `&Canvas` is non-empty[0m
[0m   [0m[0m[1m[38;5;12m--> [0m[0m/home/ubuntu/.cargo/git/checkouts/servo-e53a6e7b994a25fe/721214f/components/canvas/canvas_paint_thread.rs:319:15[0m
[0m    [0m[0m[1m[38;5;12m|[0m
[0m[1m[38;5;12m319[0m[0m [0m[0m[1m[38;5;12m|[0m[0m [0m[0m        match self {[0m
[0m    [0m[0m[1m[38;5;12m|[0m[0m               [0m[0m[1m[38;5;9m^^^^[0m
[0m    [0m[0m[1m[38;5;12m|[0m
[0m[1m[38;5;10mnote[0m[0m: `Canvas` defined here[0m
[0m   [0m[0m[1m[38;5;12m--> [0m[0m/home/ubuntu/.cargo/git/checkouts/servo-e53a6e7b994a25fe/721214f/components/canvas/canvas_paint_thread.rs:292:6[0m
[0m    [0m[0m[1m[38;5;12m|[0m
[0m[1m[38;5;12m292[0m[0m [0m[0m[1m[38;5;12m|[0m[0m [0m[0menum Canvas {[0m
[0m    [0m[0m[1m[38;5;12m|[0m[0m      [0m[0m[1m[38;5;10m^^^^^^[0m
[0m    [0m[0m[1m[38;5;12m= [0m[0m[1mnote[0m[0m: the matched value is of type `&Canvas`[0m
[0m    [0m[0m[1m[38;5;12m= [0m[0m[1mnote[0m[0m: references are always considered inhabited[0m
[0m[1m[38;5;14mhelp[0m[0m: ensure that all possible cases are being handled by adding a match arm with a wildcard pattern as shown[0m
[0m    [0m[0m[1m[38;5;12m|[0m
[0m[1m[38;5;12m319[0m[0m [0m[0m[38;5;10m~ [0m[0m        match self[0m[0m[38;5;10m {[0m
[0m[1m[38;5;12m320[0m[0m [0m[0m[38;5;10m+             _ => todo!(),[0m
[0m[1m[38;5;12m321[0m[0m [0m[0m[38;5;10m+         }[0m
[0m    [0m[0m[1m[38;5;12m|[0m

[0m[1m[38;5;9merror[E0004][0m[0m[1m: non-exhaustive patterns: type `&mut Canvas` is non-empty[0m
[0m   [0m[0m[1m[38;5;12m--> [0m[0m/home/ubuntu/.cargo/git/checkouts/servo-e53a6e7b994a25fe/721214f/components/canvas/canvas_paint_thread.rs:328:15[0m
[0m    [0m[0m[1m[38;5;12m|[0m
[0m[1m[38;5;12m328[0m[0m [0m[0m[1m[38;5;12m|[0m[0m [0m[0m        match self {[0m
[0m    [0m[0m[1m[38;5;12m|[0m[0m               [0m[0m[1m[38;5;9m^^^^[0m
[0m    [0m[0m[1m[38;5;12m|[0m
[0m[1m[38;5;10mnote[0m[0m: `Canvas` defined here[0m
[0m   [0m[0m[1m[38;5;12m--> [0m[0m/home/ubuntu/.cargo/git/checkouts/servo-e53a6e7b994a25fe/721214f/components/canvas/canvas_paint_thread.rs:292:6[0m
[0m    [0m[0m[1m[38;5;12m|[0m
[0m[1m[38;5;12m292[0m[0m [0m[0m[1m[38;5;12m|[0m[0m [0m[0menum Canvas {[0m
[0m    [0m[0m[1m[38;5;12m|[0m[0m      [0m[0m[1m[38;5;10m^^^^^^[0m
[0m    [0m[0m[1m[38;5;12m= [0m[0m[1mnote[0m[0m: the matched value is of type `&mut Canvas`[0m
[0m    [0m[0m[1m[38;5;12m= [0m[0m[1mnote[0m[0m: references are always considered inhabited[0m
[0m[1m[38;5;14mhelp[0m[0m: ensure that all possible cases are being handled by adding a match arm with a wildcard pattern as shown[0m
[0m    [0m[0m[1m[38;5;12m|[0m
[0m[1m[38;5;12m328[0m[0m [0m[0m[38;5;10m~ [0m[0m        match self[0m[0m[38;5;10m {[0m
[0m[1m[38;5;12m329[0m[0m [0m[0m[38;5;10m+             _ => todo!(),[0m
[0m[1m[38;5;12m330[0m[0m [0m[0m[38;5;10m+         }[0m
[0m    [0m[0m[1m[38;5;12m|[0m

[0m[1m[38;5;9merror[E0004][0m[0m[1m: non-exhaustive patterns: type `&mut Canvas` is non-empty[0m
[0m   [0m[0m[1m[38;5;12m--> [0m[0m/home/ubuntu/.cargo/git/checkouts/servo-e53a6e7b994a25fe/721214f/components/canvas/canvas_paint_thread.rs:346:15[0m
[0m    [0m[0m[1m[38;5;12m|[0m
[0m[1m[38;5;12m346[0m[0m [0m[0m[1m[38;5;12m|[0m[0m [0m[0m        match self {[0m
[0m    [0m[0m[1m[38;5;12m|[0m[0m               [0m[0m[1m[38;5;9m^^^^[0m
[0m    [0m[0m[1m[38;5;12m|[0m
[0m[1m[38;5;10mnote[0m[0m: `Canvas` defined here[0m
[0m   [0m[0m[1m[38;5;12m--> [0m[0m/home/ubuntu/.cargo/git/checkouts/servo-e53a6e7b994a25fe/721214f/components/canvas/canvas_paint_thread.rs:292:6[0m
[0m    [0m[0m[1m[38;5;12m|[0m
[0m[1m[38;5;12m292[0m[0m [0m[0m[1m[38;5;12m|[0m[0m [0m[0menum Canvas {[0m
[0m    [0m[0m[1m[38;5;12m|[0m[0m      [0m[0m[1m[38;5;10m^^^^^^[0m
[0m    [0m[0m[1m[38;5;12m= [0m[0m[1mnote[0m[0m: the matched value is of type `&mut Canvas`[0m
[0m    [0m[0m[1m[38;5;12m= [0m[0m[1mnote[0m[0m: references are always considered inhabited[0m
[0m[1m[38;5;14mhelp[0m[0m: ensure that all possible cases are being handled by adding a match arm with a wildcard pattern as shown[0m
[0m    [0m[0m[1m[38;5;12m|[0m
[0m[1m[38;5;12m346[0m[0m [0m[0m[38;5;10m~ [0m[0m        match self[0m[0m[38;5;10m {[0m
[0m[1m[38;5;12m347[0m[0m [0m[0m[38;5;10m+             _ => todo!(),[0m
[0m[1m[38;5;12m348[0m[0m [0m[0m[38;5;10m+         }[0m
[0m    [0m[0m[1m[38;5;12m|[0m

[0m[1m[38;5;9merror[E0004][0m[0m[1m: non-exhaustive patterns: type `&mut Canvas` is non-empty[0m
[0m   [0m[0m[1m[38;5;12m--> [0m[0m/home/ubuntu/.cargo/git/checkouts/servo-e53a6e7b994a25fe/721214f/components/canvas/canvas_paint_thread.rs:379:15[0m
[0m    [0m[0m[1m[38;5;12m|[0m
[0m[1m[38;5;12m379[0m[0m [0m[0m[1m[38;5;12m|[0m[0m [0m[0m        match self {[0m
[0m    [0m[0m[1m[38;5;12m|[0m[0m               [0m[0m[1m[38;5;9m^^^^[0m
[0m    [0m[0m[1m[38;5;12m|[0m
[0m[1m[38;5;10mnote[0m[0m: `Canvas` defined here[0m
[0m   [0m[0m[1m[38;5;12m--> [0m[0m/home/ubuntu/.cargo/git/checkouts/servo-e53a6e7b994a25fe/721214f/components/canvas/canvas_paint_thread.rs:292:6[0m
[0m    [0m[0m[1m[38;5;12m|[0m
[0m[1m[38;5;12m292[0m[0m [0m[0m[1m[38;5;12m|[0m[0m [0m[0menum Canvas {[0m
[0m    [0m[0m[1m[38;5;12m|[0m[0m      [0m[0m[1m[38;5;10m^^^^^^[0m
[0m    [0m[0m[1m[38;5;12m= [0m[0m[1mnote[0m[0m: the matched value is of type `&mut Canvas`[0m
[0m    [0m[0m[1m[38;5;12m= [0m[0m[1mnote[0m[0m: references are always considered inhabited[0m
[0m[1m[38;5;14mhelp[0m[0m: ensure that all possible cases are being handled by adding a match arm with a wildcard pattern as shown[0m
[0m    [0m[0m[1m[38;5;12m|[0m
[0m[1m[38;5;12m379[0m[0m [0m[0m[38;5;10m~ [0m[0m        match self[0m[0m[38;5;10m {[0m
[0m[1m[38;5;12m380[0m[0m [0m[0m[38;5;10m+             _ => todo!(),[0m
[0m[1m[38;5;12m381[0m[0m [0m[0m[38;5;10m+         }[0m
[0m    [0m[0m[1m[38;5;12m|[0m

[0m[1m[38;5;9merror[E0004][0m[0m[1m: non-exhaustive patterns: type `&mut Canvas` is non-empty[0m
[0m   [0m[0m[1m[38;5;12m--> [0m[0m/home/ubuntu/.cargo/git/checkouts/servo-e53a6e7b994a25fe/721214f/components/canvas/canvas_paint_thread.rs:409:15[0m
[0m    [0m[0m[1m[38;5;12m|[0m
[0m[1m[38;5;12m409[0m[0m [0m[0m[1m[38;5;12m|[0m[0m [0m[0m        match self {[0m
[0m    [0m[0m[1m[38;5;12m|[0m[0m               [0m[0m[1m[38;5;9m^^^^[0m
[0m    [0m[0m[1m[38;5;12m|[0m
[0m[1m[38;5;10mnote[0m[0m: `Canvas` defined here[0m
[0m   [0m[0m[1m[38;5;12m--> [0m[0m/home/ubuntu/.cargo/git/checkouts/servo-e53a6e7b994a25fe/721214f/components/canvas/canvas_paint_thread.rs:292:6[0m
[0m    [0m[0m[1m[38;5;12m|[0m
[0m[1m[38;5;12m292[0m[0m [0m[0m[1m[38;5;12m|[0m[0m [0m[0menum Canvas {[0m
[0m    [0m[0m[1m[38;5;12m|[0m[0m      [0m[0m[1m[38;5;10m^^^^^^[0m
[0m    [0m[0m[1m[38;5;12m= [0m[0m[1mnote[0m[0m: the matched value is of type `&mut Canvas`[0m
[0m    [0m[0m[1m[38;5;12m= [0m[0m[1mnote[0m[0m: references are always considered inhabited[0m
[0m[1m[38;5;14mhelp[0m[0m: ensure that all possible cases are being handled by adding a match arm with a wildcard pattern as shown[0m
[0m    [0m[0m[1m[38;5;12m|[0m
[0m[1m[38;5;12m409[0m[0m [0m[0m[38;5;10m~ [0m[0m        match self[0m[0m[38;5;10m {[0m
[0m[1m[38;5;12m410[0m[0m [0m[0m[38;5;10m+             _ => todo!(),[0m
[0m[1m[38;5;12m411[0m[0m [0m[0m[38;5;10m+         }[0m
[0m    [0m[0m[1m[38;5;12m|[0m

[0m[1m[38;5;9merror[E0004][0m[0m[1m: non-exhaustive patterns: type `&mut Canvas` is non-empty[0m
[0m   [0m[0m[1m[38;5;12m--> [0m[0m/home/ubuntu/.cargo/git/checkouts/servo-e53a6e7b994a25fe/721214f/components/canvas/canvas_paint_thread.rs:430:15[0m
[0m    [0m[0m[1m[38;5;12m|[0m
[0m[1m[38;5;12m430[0m[0m [0m[0m[1m[38;5;12m|[0m[0m [0m[0m        match self {[0m
[0m    [0m[0m[1m[38;5;12m|[0m[0m               [0m[0m[1m[38;5;9m^^^^[0m
[0m    [0m[0m[1m[38;5;12m|[0m
[0m[1m[38;5;10mnote[0m[0m: `Canvas` defined here[0m
[0m   [0m[0m[1m[38;5;12m--> [0m[0m/home/ubuntu/.cargo/git/checkouts/servo-e53a6e7b994a25fe/721214f/components/canvas/canvas_paint_thread.rs:292:6[0m
[0m    [0m[0m[1m[38;5;12m|[0m
[0m[1m[38;5;12m292[0m[0m [0m[0m[1m[38;5;12m|[0m[0m [0m[0menum Canvas {[0m
[0m    [0m[0m[1m[38;5;12m|[0m[0m      [0m[0m[1m[38;5;10m^^^^^^[0m
[0m    [0m[0m[1m[38;5;12m= [0m[0m[1mnote[0m[0m: the matched value is of type `&mut Canvas`[0m
[0m    [0m[0m[1m[38;5;12m= [0m[0m[1mnote[0m[0m: references are always considered inhabited[0m
[0m[1m[38;5;14mhelp[0m[0m: ensure that all possible cases are being handled by adding a match arm with a wildcard pattern as shown[0m
[0m    [0m[0m[1m[38;5;12m|[0m
[0m[1m[38;5;12m430[0m[0m [0m[0m[38;5;10m~ [0m[0m        match self[0m[0m[38;5;10m {[0m
[0m[1m[38;5;12m431[0m[0m [0m[0m[38;5;10m+             _ => todo!(),[0m
[0m[1m[38;5;12m432[0m[0m [0m[0m[38;5;10m+         }[0m
[0m    [0m[0m[1m[38;5;12m|[0m

[0m[1m[38;5;9merror[E0004][0m[0m[1m: non-exhaustive patterns: type `&mut Canvas` is non-empty[0m
[0m   [0m[0m[1m[38;5;12m--> [0m[0m/home/ubuntu/.cargo/git/checkouts/servo-e53a6e7b994a25fe/721214f/components/canvas/canvas_paint_thread.rs:461:15[0m
[0m    [0m[0m[1m[38;5;12m|[0m
[0m[1m[38;5;12m461[0m[0m [0m[0m[1m[38;5;12m|[0m[0m [0m[0m        match self {[0m
[0m    [0m[0m[1m[38;5;12m|[0m[0m               [0m[0m[1m[38;5;9m^^^^[0m
[0m    [0m[0m[1m[38;5;12m|[0m
[0m[1m[38;5;10mnote[0m[0m: `Canvas` defined here[0m
[0m   [0m[0m[1m[38;5;12m--> [0m[0m/home/ubuntu/.cargo/git/checkouts/servo-e53a6e7b994a25fe/721214f/components/canvas/canvas_paint_thread.rs:292:6[0m
[0m    [0m[0m[1m[38;5;12m|[0m
[0m[1m[38;5;12m292[0m[0m [0m[0m[1m[38;5;12m|[0m[0m [0m[0menum Canvas {[0m
[0m    [0m[0m[1m[38;5;12m|[0m[0m      [0m[0m[1m[38;5;10m^^^^^^[0m
[0m    [0m[0m[1m[38;5;12m= [0m[0m[1mnote[0m[0m: the matched value is of type `&mut Canvas`[0m
[0m    [0m[0m[1m[38;5;12m= [0m[0m[1mnote[0m[0m: references are always considered inhabited[0m
[0m[1m[38;5;14mhelp[0m[0m: ensure that all possible cases are being handled by adding a match arm with a wildcard pattern as shown[0m
[0m    [0m[0m[1m[38;5;12m|[0m
[0m[1m[38;5;12m461[0m[0m [0m[0m[38;5;10m~ [0m[0m        match self[0m[0m[38;5;10m {[0m
[0m[1m[38;5;12m462[0m[0m [0m[0m[38;5;10m+             _ => todo!(),[0m
[0m[1m[38;5;12m463[0m[0m [0m[0m[38;5;10m+         }[0m
[0m    [0m[0m[1m[38;5;12m|[0m

[0m[1m[38;5;9merror[E0004][0m[0m[1m: non-exhaustive patterns: type `&mut Canvas` is non-empty[0m
[0m   [0m[0m[1m[38;5;12m--> [0m[0m/home/ubuntu/.cargo/git/checkouts/servo-e53a6e7b994a25fe/721214f/components/canvas/canvas_paint_thread.rs:492:15[0m
[0m    [0m[0m[1m[38;5;12m|[0m
[0m[1m[38;5;12m492[0m[0m [0m[0m[1m[38;5;12m|[0m[0m [0m[0m        match self {[0m
[0m    [0m[0m[1m[38;5;12m|[0m[0m               [0m[0m[1m[38;5;9m^^^^[0m
[0m    [0m[0m[1m[38;5;12m|[0m
[0m[1m[38;5;10mnote[0m[0m: `Canvas` defined here[0m
[0m   [0m[0m[1m[38;5;12m--> [0m[0m/home/ubuntu/.cargo/git/checkouts/servo-e53a6e7b994a25fe/721214f/components/canvas/canvas_paint_thread.rs:292:6[0m
[0m    [0m[0m[1m[38;5;12m|[0m
[0m[1m[38;5;12m292[0m[0m [0m[0m[1m[38;5;12m|[0m[0m [0m[0menum Canvas {[0m
[0m    [0m[0m[1m[38;5;12m|[0m[0m      [0m[0m[1m[38;5;10m^^^^^^[0m
[0m    [0m[0m[1m[38;5;12m= [0m[0m[1mnote[0m[0m: the matched value is of type `&mut Canvas`[0m
[0m    [0m[0m[1m[38;5;12m= [0m[0m[1mnote[0m[0m: references are always considered inhabited[0m
[0m[1m[38;5;14mhelp[0m[0m: ensure that all possible cases are being handled by adding a match arm with a wildcard pattern as shown[0m
[0m    [0m[0m[1m[38;5;12m|[0m
[0m[1m[38;5;12m492[0m[0m [0m[0m[38;5;10m~ [0m[0m        match self[0m[0m[38;5;10m {[0m
[0m[1m[38;5;12m493[0m[0m [0m[0m[38;5;10m+             _ => todo!(),[0m
[0m[1m[38;5;12m494[0m[0m [0m[0m[38;5;10m+         }[0m
[0m    [0m[0m[1m[38;5;12m|[0m

[0m[1m[38;5;9merror[E0004][0m[0m[1m: non-exhaustive patterns: type `&mut Canvas` is non-empty[0m
[0m   [0m[0m[1m[38;5;12m--> [0m[0m/home/ubuntu/.cargo/git/checkouts/servo-e53a6e7b994a25fe/721214f/components/canvas/canvas_paint_thread.rs:515:15[0m
[0m    [0m[0m[1m[38;5;12m|[0m
[0m[1m[38;5;12m515[0m[0m [0m[0m[1m[38;5;12m|[0m[0m [0m[0m        match self {[0m
[0m    [0m[0m[1m[38;5;12m|[0m[0m               [0m[0m[1m[38;5;9m^^^^[0m
[0m    [0m[0m[1m[38;5;12m|[0m
[0m[1m[38;5;10mnote[0m[0m: `Canvas` defined here[0m
[0m   [0m[0m[1m[38;5;12m--> [0m[0m/home/ubuntu/.cargo/git/checkouts/servo-e53a6e7b994a25fe/721214f/components/canvas/canvas_paint_thread.rs:292:6[0m
[0m    [0m[0m[1m[38;5;12m|[0m
[0m[1m[38;5;12m292[0m[0m [0m[0m[1m[38;5;12m|[0m[0m [0m[0menum Canvas {[0m
[0m    [0m[0m[1m[38;5;12m|[0m[0m      [0m[0m[1m[38;5;10m^^^^^^[0m
[0m    [0m[0m[1m[38;5;12m= [0m[0m[1mnote[0m[0m: the matched value is of type `&mut Canvas`[0m
[0m    [0m[0m[1m[38;5;12m= [0m[0m[1mnote[0m[0m: references are always considered inhabited[0m
[0m[1m[38;5;14mhelp[0m[0m: ensure that all possible cases are being handled by adding a match arm with a wildcard pattern as shown[0m
[0m    [0m[0m[1m[38;5;12m|[0m
[0m[1m[38;5;12m515[0m[0m [0m[0m[38;5;10m~ [0m[0m        match self[0m[0m[38;5;10m {[0m
[0m[1m[38;5;12m516[0m[0m [0m[0m[38;5;10m+             _ => todo!(),[0m
[0m[1m[38;5;12m517[0m[0m [0m[0m[38;5;10m+         }[0m
[0m    [0m[0m[1m[38;5;12m|[0m

[0m[1m[38;5;9merror[E0004][0m[0m[1m: non-exhaustive patterns: type `&mut Canvas` is non-empty[0m
[0m   [0m[0m[1m[38;5;12m--> [0m[0m/home/ubuntu/.cargo/git/checkouts/servo-e53a6e7b994a25fe/721214f/components/canvas/canvas_paint_thread.rs:534:15[0m
[0m    [0m[0m[1m[38;5;12m|[0m
[0m[1m[38;5;12m534[0m[0m [0m[0m[1m[38;5;12m|[0m[0m [0m[0m        match self {[0m
[0m    [0m[0m[1m[38;5;12m|[0m[0m               [0m[0m[1m[38;5;9m^^^^[0m
[0m    [0m[0m[1m[38;5;12m|[0m
[0m[1m[38;5;10mnote[0m[0m: `Canvas` defined here[0m
[0m   [0m[0m[1m[38;5;12m--> [0m[0m/home/ubuntu/.cargo/git/checkouts/servo-e53a6e7b994a25fe/721214f/components/canvas/canvas_paint_thread.rs:292:6[0m
[0m    [0m[0m[1m[38;5;12m|[0m
[0m[1m[38;5;12m292[0m[0m [0m[0m[1m[38;5;12m|[0m[0m [0m[0menum Canvas {[0m
[0m    [0m[0m[1m[38;5;12m|[0m[0m      [0m[0m[1m[38;5;10m^^^^^^[0m
[0m    [0m[0m[1m[38;5;12m= [0m[0m[1mnote[0m[0m: the matched value is of type `&mut Canvas`[0m
[0m    [0m[0m[1m[38;5;12m= [0m[0m[1mnote[0m[0m: references are always considered inhabited[0m
[0m[1m[38;5;14mhelp[0m[0m: ensure that all possible cases are being handled by adding a match arm with a wildcard pattern as shown[0m
[0m    [0m[0m[1m[38;5;12m|[0m
[0m[1m[38;5;12m534[0m[0m [0m[0m[38;5;10m~ [0m[0m        match self[0m[0m[38;5;10m {[0m
[0m[1m[38;5;12m535[0m[0m [0m[0m[38;5;10m+             _ => todo!(),[0m
[0m[1m[38;5;12m536[0m[0m [0m[0m[38;5;10m+         }[0m
[0m    [0m[0m[1m[38;5;12m|[0m

[0m[1m[38;5;9merror[E0004][0m[0m[1m: non-exhaustive patterns: type `&mut Canvas` is non-empty[0m
[0m   [0m[0m[1m[38;5;12m--> [0m[0m/home/ubuntu/.cargo/git/checkouts/servo-e53a6e7b994a25fe/721214f/components/canvas/canvas_paint_thread.rs:559:15[0m
[0m    [0m[0m[1m[38;5;12m|[0m
[0m[1m[38;5;12m559[0m[0m [0m[0m[1m[38;5;12m|[0m[0m [0m[0m        match self {[0m
[0m    [0m[0m[1m[38;5;12m|[0m[0m               [0m[0m[1m[38;5;9m^^^^[0m
[0m    [0m[0m[1m[38;5;12m|[0m
[0m[1m[38;5;10mnote[0m[0m: `Canvas` defined here[0m
[0m   [0m[0m[1m[38;5;12m--> [0m[0m/home/ubuntu/.cargo/git/checkouts/servo-e53a6e7b994a25fe/721214f/components/canvas/canvas_paint_thread.rs:292:6[0m
[0m    [0m[0m[1m[38;5;12m|[0m
[0m[1m[38;5;12m292[0m[0m [0m[0m[1m[38;5;12m|[0m[0m [0m[0menum Canvas {[0m
[0m    [0m[0m[1m[38;5;12m|[0m[0m      [0m[0m[1m[38;5;10m^^^^^^[0m
[0m    [0m[0m[1m[38;5;12m= [0m[0m[1mnote[0m[0m: the matched value is of type `&mut Canvas`[0m
[0m    [0m[0m[1m[38;5;12m= [0m[0m[1mnote[0m[0m: references are always considered inhabited[0m
[0m[1m[38;5;14mhelp[0m[0m: ensure that all possible cases are being handled by adding a match arm with a wildcard pattern as shown[0m
[0m    [0m[0m[1m[38;5;12m|[0m
[0m[1m[38;5;12m559[0m[0m [0m[0m[38;5;10m~ [0m[0m        match self[0m[0m[38;5;10m {[0m
[0m[1m[38;5;12m560[0m[0m [0m[0m[38;5;10m+             _ => todo!(),[0m
[0m[1m[38;5;12m561[0m[0m [0m[0m[38;5;10m+         }[0m
[0m    [0m[0m[1m[38;5;12m|[0m

[0m[1m[38;5;9merror[E0004][0m[0m[1m: non-exhaustive patterns: type `&mut Canvas` is non-empty[0m
[0m   [0m[0m[1m[38;5;12m--> [0m[0m/home/ubuntu/.cargo/git/checkouts/servo-e53a6e7b994a25fe/721214f/components/canvas/canvas_paint_thread.rs:568:15[0m
[0m    [0m[0m[1m[38;5;12m|[0m
[0m[1m[38;5;12m568[0m[0m [0m[0m[1m[38;5;12m|[0m[0m [0m[0m        match self {[0m
[0m    [0m[0m[1m[38;5;12m|[0m[0m               [0m[0m[1m[38;5;9m^^^^[0m
[0m    [0m[0m[1m[38;5;12m|[0m
[0m[1m[38;5;10mnote[0m[0m: `Canvas` defined here[0m
[0m   [0m[0m[1m[38;5;12m--> [0m[0m/home/ubuntu/.cargo/git/checkouts/servo-e53a6e7b994a25fe/721214f/components/canvas/canvas_paint_thread.rs:292:6[0m
[0m    [0m[0m[1m[38;5;12m|[0m
[0m[1m[38;5;12m292[0m[0m [0m[0m[1m[38;5;12m|[0m[0m [0m[0menum Canvas {[0m
[0m    [0m[0m[1m[38;5;12m|[0m[0m      [0m[0m[1m[38;5;10m^^^^^^[0m
[0m    [0m[0m[1m[38;5;12m= [0m[0m[1mnote[0m[0m: the matched value is of type `&mut Canvas`[0m
[0m    [0m[0m[1m[38;5;12m= [0m[0m[1mnote[0m[0m: references are always considered inhabited[0m
[0m[1m[38;5;14mhelp[0m[0m: ensure that all possible cases are being handled by adding a match arm with a wildcard pattern as shown[0m
[0m    [0m[0m[1m[38;5;12m|[0m
[0m[1m[38;5;12m568[0m[0m [0m[0m[38;5;10m~ [0m[0m        match self[0m[0m[38;5;10m {[0m
[0m[1m[38;5;12m569[0m[0m [0m[0m[38;5;10m+             _ => todo!(),[0m
[0m[1m[38;5;12m570[0m[0m [0m[0m[38;5;10m+         }[0m
[0m    [0m[0m[1m[38;5;12m|[0m

[0m[1m[38;5;9merror[E0004][0m[0m[1m: non-exhaustive patterns: type `&mut Canvas` is non-empty[0m
[0m   [0m[0m[1m[38;5;12m--> [0m[0m/home/ubuntu/.cargo/git/checkouts/servo-e53a6e7b994a25fe/721214f/components/canvas/canvas_paint_thread.rs:577:15[0m
[0m    [0m[0m[1m[38;5;12m|[0m
[0m[1m[38;5;12m577[0m[0m [0m[0m[1m[38;5;12m|[0m[0m [0m[0m        match self {[0m
[0m    [0m[0m[1m[38;5;12m|[0m[0m               [0m[0m[1m[38;5;9m^^^^[0m
[0m    [0m[0m[1m[38;5;12m|[0m
[0m[1m[38;5;10mnote[0m[0m: `Canvas` defined here[0m
[0m   [0m[0m[1m[38;5;12m--> [0m[0m/home/ubuntu/.cargo/git/checkouts/servo-e53a6e7b994a25fe/721214f/components/canvas/canvas_paint_thread.rs:292:6[0m
[0m    [0m[0m[1m[38;5;12m|[0m
[0m[1m[38;5;12m292[0m[0m [0m[0m[1m[38;5;12m|[0m[0m [0m[0menum Canvas {[0m
[0m    [0m[0m[1m[38;5;12m|[0m[0m      [0m[0m[1m[38;5;10m^^^^^^[0m
[0m    [0m[0m[1m[38;5;12m= [0m[0m[1mnote[0m[0m: the matched value is of type `&mut Canvas`[0m
[0m    [0m[0m[1m[38;5;12m= [0m[0m[1mnote[0m[0m: references are always considered inhabited[0m
[0m[1m[38;5;14mhelp[0m[0m: ensure that all possible cases are being handled by adding a match arm with a wildcard pattern as shown[0m
[0m    [0m[0m[1m[38;5;12m|[0m
[0m[1m[38;5;12m577[0m[0m [0m[0m[38;5;10m~ [0m[0m        match self[0m[0m[38;5;10m {[0m
[0m[1m[38;5;12m578[0m[0m [0m[0m[38;5;10m+             _ => todo!(),[0m
[0m[1m[38;5;12m579[0m[0m [0m[0m[38;5;10m+         }[0m
[0m    [0m[0m[1m[38;5;12m|[0m

[0m[1m[38;5;9merror[E0004][0m[0m[1m: non-exhaustive patterns: type `&mut Canvas` is non-empty[0m
[0m   [0m[0m[1m[38;5;12m--> [0m[0m/home/ubuntu/.cargo/git/checkouts/servo-e53a6e7b994a25fe/721214f/components/canvas/canvas_paint_thread.rs:586:15[0m
[0m    [0m[0m[1m[38;5;12m|[0m
[0m[1m[38;5;12m586[0m[0m [0m[0m[1m[38;5;12m|[0m[0m [0m[0m        match self {[0m
[0m    [0m[0m[1m[38;5;12m|[0m[0m               [0m[0m[1m[38;5;9m^^^^[0m
[0m    [0m[0m[1m[38;5;12m|[0m
[0m[1m[38;5;10mnote[0m[0m: `Canvas` defined here[0m
[0m   [0m[0m[1m[38;5;12m--> [0m[0m/home/ubuntu/.cargo/git/checkouts/servo-e53a6e7b994a25fe/721214f/components/canvas/canvas_paint_thread.rs:292:6[0m
[0m    [0m[0m[1m[38;5;12m|[0m
[0m[1m[38;5;12m292[0m[0m [0m[0m[1m[38;5;12m|[0m[0m [0m[0menum Canvas {[0m
[0m    [0m[0m[1m[38;5;12m|[0m[0m      [0m[0m[1m[38;5;10m^^^^^^[0m
[0m    [0m[0m[1m[38;5;12m= [0m[0m[1mnote[0m[0m: the matched value is of type `&mut Canvas`[0m
[0m    [0m[0m[1m[38;5;12m= [0m[0m[1mnote[0m[0m: references are always considered inhabited[0m
[0m[1m[38;5;14mhelp[0m[0m: ensure that all possible cases are being handled by adding a match arm with a wildcard pattern as shown[0m
[0m    [0m[0m[1m[38;5;12m|[0m
[0m[1m[38;5;12m586[0m[0m [0m[0m[38;5;10m~ [0m[0m        match self[0m[0m[38;5;10m {[0m
[0m[1m[38;5;12m587[0m[0m [0m[0m[38;5;10m+             _ => todo!(),[0m
[0m[1m[38;5;12m588[0m[0m [0m[0m[38;5;10m+         }[0m
[0m    [0m[0m[1m[38;5;12m|[0m

[0m[1m[38;5;9merror[E0004][0m[0m[1m: non-exhaustive patterns: type `&mut Canvas` is non-empty[0m
[0m   [0m[0m[1m[38;5;12m--> [0m[0m/home/ubuntu/.cargo/git/checkouts/servo-e53a6e7b994a25fe/721214f/components/canvas/canvas_paint_thread.rs:595:15[0m
[0m    [0m[0m[1m[38;5;12m|[0m
[0m[1m[38;5;12m595[0m[0m [0m[0m[1m[38;5;12m|[0m[0m [0m[0m        match self {[0m
[0m    [0m[0m[1m[38;5;12m|[0m[0m               [0m[0m[1m[38;5;9m^^^^[0m
[0m    [0m[0m[1m[38;5;12m|[0m
[0m[1m[38;5;10mnote[0m[0m: `Canvas` defined here[0m
[0m   [0m[0m[1m[38;5;12m--> [0m[0m/home/ubuntu/.cargo/git/checkouts/servo-e53a6e7b994a25fe/721214f/components/canvas/canvas_paint_thread.rs:292:6[0m
[0m    [0m[0m[1m[38;5;12m|[0m
[0m[1m[38;5;12m292[0m[0m [0m[0m[1m[38;5;12m|[0m[0m [0m[0menum Canvas {[0m
[0m    [0m[0m[1m[38;5;12m|[0m[0m      [0m[0m[1m[38;5;10m^^^^^^[0m
[0m    [0m[0m[1m[38;5;12m= [0m[0m[1mnote[0m[0m: the matched value is of type `&mut Canvas`[0m
[0m    [0m[0m[1m[38;5;12m= [0m[0m[1mnote[0m[0m: references are always considered inhabited[0m
[0m[1m[38;5;14mhelp[0m[0m: ensure that all possible cases are being handled by adding a match arm with a wildcard pattern as shown[0m
[0m    [0m[0m[1m[38;5;12m|[0m
[0m[1m[38;5;12m595[0m[0m [0m[0m[38;5;10m~ [0m[0m        match self[0m[0m[38;5;10m {[0m
[0m[1m[38;5;12m596[0m[0m [0m[0m[38;5;10m+             _ => todo!(),[0m
[0m[1m[38;5;12m597[0m[0m [0m[0m[38;5;10m+         }[0m
[0m    [0m[0m[1m[38;5;12m|[0m

[0m[1mFor more information about this error, try `rustc --explain E0004`.[0m
[1m[31merror[0m[1m:[0m could not compile `canvas` (lib) due to 15 previous errors
[1m[33mwarning[0m[1m:[0m build failed, waiting for other jobs to finish...

CARGO_CHECK_MOZJS_ALIGNED_EXIT=
